// Jest Snapshot v1, https://goo.gl/fbAQLP

exports[`PlaylistCard component should render properly 1`] = `
initialize {
  "0": Object {
    "attribs": Object {},
    "children": Array [
      Object {
        "attribs": Object {
          "alt": "my playlist",
          "src": "myotherlink",
        },
        "children": Array [],
        "name": "img",
        "namespace": "http://www.w3.org/1999/xhtml",
        "next": Object {
          "attribs": Object {},
          "children": Array [
            Object {
              "data": "my playlist",
              "next": null,
              "parent": [Circular],
              "prev": null,
              "type": "text",
            },
          ],
          "name": "div",
          "namespace": "http://www.w3.org/1999/xhtml",
          "next": null,
          "parent": [Circular],
          "prev": [Circular],
          "type": "tag",
          "x-attribsNamespace": Object {},
          "x-attribsPrefix": Object {},
        },
        "parent": [Circular],
        "prev": null,
        "type": "tag",
        "x-attribsNamespace": Object {
          "alt": undefined,
          "src": undefined,
        },
        "x-attribsPrefix": Object {
          "alt": undefined,
          "src": undefined,
        },
      },
      Object {
        "attribs": Object {},
        "children": Array [
          Object {
            "data": "my playlist",
            "next": null,
            "parent": [Circular],
            "prev": null,
            "type": "text",
          },
        ],
        "name": "div",
        "namespace": "http://www.w3.org/1999/xhtml",
        "next": null,
        "parent": [Circular],
        "prev": Object {
          "attribs": Object {
            "alt": "my playlist",
            "src": "myotherlink",
          },
          "children": Array [],
          "name": "img",
          "namespace": "http://www.w3.org/1999/xhtml",
          "next": [Circular],
          "parent": [Circular],
          "prev": null,
          "type": "tag",
          "x-attribsNamespace": Object {
            "alt": undefined,
            "src": undefined,
          },
          "x-attribsPrefix": Object {
            "alt": undefined,
            "src": undefined,
          },
        },
        "type": "tag",
        "x-attribsNamespace": Object {},
        "x-attribsPrefix": Object {},
      },
    ],
    "name": "div",
    "namespace": "http://www.w3.org/1999/xhtml",
    "next": null,
    "parent": null,
    "prev": null,
    "root": Object {
      "attribs": Object {},
      "children": Array [
        [Circular],
      ],
      "name": "root",
      "namespace": "http://www.w3.org/1999/xhtml",
      "next": null,
      "parent": null,
      "prev": null,
      "type": "root",
      "x-attribsNamespace": Object {},
      "x-attribsPrefix": Object {},
    },
    "type": "tag",
    "x-attribsNamespace": Object {},
    "x-attribsPrefix": Object {},
  },
  "_root": [Circular],
  "length": 1,
  "options": Object {
    "decodeEntities": true,
    "normalizeWhitespace": false,
    "withDomLvl1": true,
    "xml": false,
  },
}
`;
